
Memory Configuration

Name             Origin             Length             Attributes
flash            0x0000000000000000 0x0000000020000000 xr
sram             0x0000000020000000 0x0000000020000000 xrw
*default*        0x0000000000000000 0xffffffffffffffff

Linker script and memory map


.text           0x0000000000000000      0x12c
 *(.vectors*)
 .vectors       0x0000000000000000       0x10 startup.o
                0x0000000000000000                p_fn_Vectors
 *(.text*)
 .text          0x0000000000000010       0x8c main.o
                0x0000000000000010                main
 .text          0x000000000000009c       0x90 startup.o
                0x000000000000009c                H_fault_Handler
                0x000000000000009c                Default_Handler
                0x000000000000009c                NMI_Handler
                0x00000000000000a8                Reset_Handler
 *(.rodata)
                0x000000000000012c                . = ALIGN (0x4)
                0x000000000000012c                _E_text = .

.glue_7         0x000000000000012c        0x0
 .glue_7        0x000000000000012c        0x0 linker stubs

.glue_7t        0x000000000000012c        0x0
 .glue_7t       0x000000000000012c        0x0 linker stubs

.vfp11_veneer   0x000000000000012c        0x0
 .vfp11_veneer  0x000000000000012c        0x0 linker stubs

.v4_bx          0x000000000000012c        0x0
 .v4_bx         0x000000000000012c        0x0 linker stubs

.iplt           0x000000000000012c        0x0
 .iplt          0x000000000000012c        0x0 main.o

.rel.dyn        0x000000000000012c        0x0
 .rel.iplt      0x000000000000012c        0x0 main.o

.data           0x0000000020000000        0x0 load address 0x000000000000012c
                0x0000000020000000                _S_DATA = .
 *(.data)
 .data          0x0000000020000000        0x0 main.o
 .data          0x0000000020000000        0x0 startup.o
                0x0000000020000000                . = ALIGN (0x4)
                0x0000000020000000                _E_DATA = .

.igot.plt       0x0000000020000000        0x0 load address 0x000000000000012c
 .igot.plt      0x0000000020000000        0x0 main.o

.bss            0x0000000020000000      0x400 load address 0x000000000000012c
                0x0000000020000000                _S_bss = .
 *(.bss)
 .bss           0x0000000020000000        0x0 main.o
 .bss           0x0000000020000000      0x400 startup.o
 *(COMMON)
                0x0000000020000400                . = ALIGN (0x4)
                0x0000000020000400                _E_bss = .
LOAD main.o
LOAD startup.o
OUTPUT(cortex_m4.elf elf32-littlearm)

.debug_info     0x0000000000000000      0x1ff
 .debug_info    0x0000000000000000       0x58 main.o
 .debug_info    0x0000000000000058      0x1a7 startup.o

.debug_abbrev   0x0000000000000000      0x13a
 .debug_abbrev  0x0000000000000000       0x4f main.o
 .debug_abbrev  0x000000000000004f       0xeb startup.o

.debug_aranges  0x0000000000000000       0x40
 .debug_aranges
                0x0000000000000000       0x20 main.o
 .debug_aranges
                0x0000000000000020       0x20 startup.o

.debug_line     0x0000000000000000      0x253
 .debug_line    0x0000000000000000       0x61 main.o
 .debug_line    0x0000000000000061      0x1f2 startup.o

.debug_str      0x0000000000000000      0x1b3
 .debug_str     0x0000000000000000       0xd4 main.o
 .debug_str     0x00000000000000d4       0xdf startup.o
                                        0x1e4 (size before relaxing)

.comment        0x0000000000000000       0x7b
 .comment       0x0000000000000000       0x7b main.o
                                         0x7c (size before relaxing)
 .comment       0x000000000000007b       0x7c startup.o

.ARM.attributes
                0x0000000000000000       0x33
 .ARM.attributes
                0x0000000000000000       0x33 main.o
 .ARM.attributes
                0x0000000000000033       0x33 startup.o

.debug_frame    0x0000000000000000       0x7c
 .debug_frame   0x0000000000000000       0x2c main.o
 .debug_frame   0x000000000000002c       0x50 startup.o
